LTspice 26.0.2 for Windows
Circuit: C:\Users\derek\Documents\LTspice\analog-oscillator-v8.net
Start Time: Mon Aug 31 22:58:12 2026
Options:method=gear gmin=1n cshunt=1p
solver = Normal
Maximum thread count: 8
tnom = 27
temp = 27
method = Gear
gmin = 1e-09
Direct Newton iteration succeeded in finding operating point.
Total elapsed time: 45.835 seconds.

Files loaded:
C:\Users\derek\Documents\LTspice\analog-oscillator-v8.net
C:\Users\derek\AppData\Local\LTspice\lib\cmp\standard.dio
C:\Users\derek\AppData\Local\LTspice\lib\cmp\standard.bjt

inormal: RMS(I(RBUZ) )=0.00544116936854 FROM 5.2 TO 5.7
iheld: RMS(I(RBUZ) )=3.09424318551e-06 FROM 6.7 TO 6.9
irecovered: RMS(I(RBUZ) )=0.00536186321087 FROM 11.2 TO 11.5
tnormal=0.00256786828812 FROM 5.00120432649 TO 5.00377219478
theld=0.00256734354614 FROM 6.70116221881 TO 6.70372956236
fnormal: 1/Tnormal=389.428073327
fheld: 1/Theld=389.50766893
pitchshiftpct: 100*(Fheld-Fnormal)/Fnormal=0.0204391023898
